<?php return array (
  0 => 'Symfony\\Bundle\\FrameworkBundle\\Controller\\AbstractController',
  1 => 'App\\Controller\\AccountAddressController',
  2 => 'App\\Controller\\AccountController',
  3 => 'App\\Controller\\AccountPasswordController',
  4 => 'App\\Controller\\Admin\\CarrierCrudController',
  5 => 'App\\Controller\\Admin\\CategoryCrudController',
  6 => 'App\\Controller\\Admin\\DashboardController',
  7 => 'App\\Controller\\Admin\\OrderCrudController',
  8 => 'App\\Controller\\Admin\\ProductCrudController',
  9 => 'App\\Controller\\Admin\\UserCrudController',
  10 => 'App\\Controller\\CartController',
  11 => 'App\\Controller\\HomeController',
  12 => 'App\\Controller\\OrderController',
  13 => 'App\\Controller\\ProductController',
  14 => 'App\\Controller\\RegisterController',
  15 => 'App\\Controller\\SecurityController',
  16 => 'App\\Entity\\Address',
  17 => 'App\\Entity\\Carrier',
  18 => 'App\\Entity\\Category',
  19 => 'App\\Entity\\Order',
  20 => 'App\\Entity\\OrderDetails',
  21 => 'App\\Entity\\Product',
  22 => 'App\\Entity\\User',
  23 => 'Doctrine\\Bundle\\DoctrineBundle\\Controller\\ProfilerController',
  24 => 'Doctrine\\ORM\\Cache\\Persister\\Entity\\AbstractEntityPersister',
  25 => 'Doctrine\\ORM\\Cache\\Persister\\Entity\\CachedEntityPersister',
  26 => 'Doctrine\\ORM\\Cache\\Persister\\Entity\\NonStrictReadWriteCachedEntityPersister',
  27 => 'Doctrine\\ORM\\Cache\\Persister\\Entity\\ReadOnlyCachedEntityPersister',
  28 => 'Doctrine\\ORM\\Cache\\Persister\\Entity\\ReadWriteCachedEntityPersister',
  29 => 'Doctrine\\ORM\\Persisters\\Entity\\AbstractEntityInheritancePersister',
  30 => 'Doctrine\\ORM\\Persisters\\Entity\\BasicEntityPersister',
  31 => 'Doctrine\\ORM\\Persisters\\Entity\\CachedPersisterContext',
  32 => 'Doctrine\\ORM\\Persisters\\Entity\\EntityPersister',
  33 => 'Doctrine\\ORM\\Persisters\\Entity\\JoinedSubclassPersister',
  34 => 'Doctrine\\ORM\\Persisters\\Entity\\SingleTablePersister',
  35 => 'EasyCorp\\Bundle\\EasyAdminBundle\\Contracts\\Controller\\CrudControllerInterface',
  36 => 'EasyCorp\\Bundle\\EasyAdminBundle\\Contracts\\Controller\\DashboardControllerInterface',
  37 => 'EasyCorp\\Bundle\\EasyAdminBundle\\Controller\\AbstractCrudController',
  38 => 'EasyCorp\\Bundle\\EasyAdminBundle\\Controller\\AbstractDashboardController',
  39 => 'EasyCorp\\Bundle\\EasyAdminBundle\\Controller\\EasyAdminController',
  41 => 'Symfony\\Bundle\\FrameworkBundle\\Controller\\ControllerResolver',
  42 => 'Symfony\\Bundle\\FrameworkBundle\\Controller\\RedirectController',
  43 => 'Symfony\\Bundle\\FrameworkBundle\\Controller\\TemplateController',
  44 => 'Symfony\\Component\\HttpKernel\\Controller\\ArgumentResolver',
  45 => 'Symfony\\Component\\HttpKernel\\Controller\\ArgumentResolverInterface',
  46 => 'Symfony\\Component\\HttpKernel\\Controller\\ArgumentResolver\\DefaultValueResolver',
  47 => 'Symfony\\Component\\HttpKernel\\Controller\\ArgumentResolver\\NotTaggedControllerValueResolver',
  48 => 'Symfony\\Component\\HttpKernel\\Controller\\ArgumentResolver\\RequestAttributeValueResolver',
  49 => 'Symfony\\Component\\HttpKernel\\Controller\\ArgumentResolver\\RequestValueResolver',
  50 => 'Symfony\\Component\\HttpKernel\\Controller\\ArgumentResolver\\ServiceValueResolver',
  51 => 'Symfony\\Component\\HttpKernel\\Controller\\ArgumentResolver\\SessionValueResolver',
  52 => 'Symfony\\Component\\HttpKernel\\Controller\\ArgumentResolver\\TraceableValueResolver',
  53 => 'Symfony\\Component\\HttpKernel\\Controller\\ArgumentResolver\\VariadicValueResolver',
  54 => 'Symfony\\Component\\HttpKernel\\Controller\\ArgumentValueResolverInterface',
  55 => 'Symfony\\Component\\HttpKernel\\Controller\\ContainerControllerResolver',
  56 => 'Symfony\\Component\\HttpKernel\\Controller\\ControllerReference',
  57 => 'Symfony\\Component\\HttpKernel\\Controller\\ControllerResolver',
  58 => 'Symfony\\Component\\HttpKernel\\Controller\\ControllerResolverInterface',
  59 => 'Symfony\\Component\\HttpKernel\\Controller\\ErrorController',
  60 => 'Symfony\\Component\\HttpKernel\\Controller\\TraceableArgumentResolver',
  61 => 'Symfony\\Component\\HttpKernel\\Controller\\TraceableControllerResolver',
  62 => 'Symfony\\Component\\Security\\Http\\Controller\\UserValueResolver',
);